
>> 1 ___________________________________
@@ -1,18 +1,27 @@
>> ---
start
line with so
~~~~~~~~~~~~~~~~~~~~
>> +++
start
new line
line with so
___________________________________ 1 <<

>> 2 ___________________________________
@@ -19,24 +19,33 @@
>> ---
e with some content
unch
~~~~~~~~~~~~~~~~~~~~
>> +++
e with some modified content
unch
___________________________________ 2 <<

>> 3 ___________________________________
@@ -60,22 +60,9 @@
>> ---
ntent
removed line
end
~~~~~~~~~~~~~~~~~~~~
>> +++
ntent
end
___________________________________ 3 <<
