<html>
<head>
</head>
<body style="font-family: 'Lucida Console', Courier, monospace;">

<!-- START OF PATCHES -->

<div style="border: 1px solid black; margin-bottom: 5px; padding: 5px;">
<div style="padding: 5px 0;">
<div>Patch Number: 1</div>
<div>Delete Character Coordinates: N/A</div>
<div>Insert Character Coordinates: 1 - 28</div>
</div>
<div style="border-top: 1px solid black; padding: 5px 0;">
<span>
start<br />

</span>
<ins style="background:#e6ffe6;">
new line<br />

</ins>
<span>
line with so
</span>
</div>
</div>
<div style="border: 1px solid black; margin-bottom: 5px; padding: 5px;">
<div style="padding: 5px 0;">
<div>Patch Number: 2</div>
<div>Delete Character Coordinates: N/A</div>
<div>Insert Character Coordinates: 19 - 52</div>
</div>
<div style="border-top: 1px solid black; padding: 5px 0;">
<span>
e with some 
</span>
<ins style="background:#e6ffe6;">
modified 
</ins>
<span>
content<br />
unch
</span>
</div>
</div>
<div style="border: 1px solid black; margin-bottom: 5px; padding: 5px;">
<div style="padding: 5px 0;">
<div>Patch Number: 3</div>
<div>Delete Character Coordinates: 60 - 82</div>
<div>Insert Character Coordinates: N/A</div>
</div>
<div style="border-top: 1px solid black; padding: 5px 0;">
<span>
ntent<br />

</span>
<del style="background:#ffe6e6;">
removed line<br />

</del>
<span>
end
</span>
</div>
</div>
<!-- END OF PATCHES -->

</body>
</html>