
>> 1 ___________________________________
@@ -6,5 +6,5 @@
>> ---
[...]art</p>
<p>line[...]
~~~~~~~~~~~~~~~~~~~~
>> +++
[...]art</p>
<p>new line</p>
<p>line[...]
___________________________________ 1 <<

>> 2 ___________________________________
@@ -40,39 +40,39 @@
>> ---
[...]th some content<[...]
~~~~~~~~~~~~~~~~~~~~
>> +++
[...]th some modified content<[...]
___________________________________ 2 <<

>> 3 ___________________________________
@@ -90,89 +90,89 @@
>> ---
[...]/p>
<p>removed line</p>
<p>e[...]
~~~~~~~~~~~~~~~~~~~~
>> +++
[...]/p>
<p>e[...]
___________________________________ 3 <<

