
>> 1 ___________________________________
@@ ++ 2-42 @@
>> ---
p&gt;start&lt;/p&gt;
&lt;p&gt;line with
~~~~~~~~~~~~~~~~~~~~
>> +++
p&gt;start&lt;/p&gt;
&lt;p&gt;new line&lt;/p&gt;
&lt;p&gt;line with
___________________________________ 1 <<

>> 2 ___________________________________
@@ ++ 36-69 @@
>> ---
e with some content&lt;/p&gt;

~~~~~~~~~~~~~~~~~~~~
>> +++
e with some modified content&lt;/p&gt;

___________________________________ 2 <<

>> 3 ___________________________________
@@ -- 88-120 @@
>> ---
t&lt;/p&gt;
&lt;p&gt;removed line&lt;/p&gt;
&lt;p&gt;end
~~~~~~~~~~~~~~~~~~~~
>> +++
t&lt;/p&gt;
&lt;p&gt;end
___________________________________ 3 <<
