<html>
<head>
</head>
<body style="font-family: 'Lucida Console', Courier, monospace;">

<!-- START OF PATCHES -->

<div style="border: 1px solid black; margin-bottom: 5px; padding: 5px;">
<div style="padding: 5px 0;">
<div>Patch Number: 1</div>
<div>Delete Character Position: 2,24</div>
<div>Insert Character Position: 2,40</div>
</div>
<div style="border-top: 1px solid black; padding: 5px 0;">
<span>
p&gt;start&lt;/p&gt;<br />

</span>
<ins style="background:#e6ffe6;">
&lt;p&gt;new line&lt;/p&gt;<br />

</ins>
<span>
&lt;p&gt;line with
</span>
</div>
</div>
<div style="border: 1px solid black; margin-bottom: 5px; padding: 5px;">
<div style="padding: 5px 0;">
<div>Patch Number: 2</div>
<div>Delete Character Position: 36,24</div>
<div>Insert Character Position: 36,33</div>
</div>
<div style="border-top: 1px solid black; padding: 5px 0;">
<span>
e with some 
</span>
<ins style="background:#e6ffe6;">
modified 
</ins>
<span>
content&lt;/p&gt;<br />

</span>
</div>
</div>
<div style="border: 1px solid black; margin-bottom: 5px; padding: 5px;">
<div style="padding: 5px 0;">
<div>Patch Number: 3</div>
<div>Delete Character Position: 88,32</div>
<div>Insert Character Position: 88,12</div>
</div>
<div style="border-top: 1px solid black; padding: 5px 0;">
<span>
t&lt;/p&gt;<br />

</span>
<del style="background:#ffe6e6;">
&lt;p&gt;removed line&lt;/p&gt;<br />

</del>
<span>
&lt;p&gt;end
</span>
</div>
</div>
<!-- END OF PATCHES -->

</body>
</html>