
>> 1 ___________________________________
@@ -1,0 +1,0 @@
>> ---
[...]start
line wit[...]
~~~~~~~~~~~~~~~~~~~~
>> +++
[...]start
new line
line wit[...]
___________________________________ 1 <<

>> 2 ___________________________________
@@ -23,22 +23,22 @@
>> ---
[...]th some content[...]
~~~~~~~~~~~~~~~~~~~~
>> +++
[...]th some modified content[...]
___________________________________ 2 <<

>> 3 ___________________________________
@@ -62,61 +62,61 @@
>> ---
[...]ent
removed line
end[...]
~~~~~~~~~~~~~~~~~~~~
>> +++
[...]ent
end[...]
___________________________________ 3 <<

