
>> _____________________________________
Patch number: 1
Delete character coordinates: 6,16
Insert character coordinates: 6,32
~~~~~~~~~~~~~~~~~~~~
>> ---
art</p>¶
<p>line 
~~~~~~~~~~~~~~~~~~~~
>> +++
art</p>¶
<p>new line</p>¶
<p>line 
_____________________________________ <<

>> _____________________________________
Patch number: 2
Delete character coordinates: 40,16
Insert character coordinates: 40,25
NOTE: Patch coordinates are based on patch 1 being applied
~~~~~~~~~~~~~~~~~~~~
>> ---
th some content<
~~~~~~~~~~~~~~~~~~~~
>> +++
th some modified content<
_____________________________________ <<

>> _____________________________________
Patch number: 3
Delete character coordinates: 90,28
Insert character coordinates: 90,8
NOTE: Patch coordinates are based on patch 2 being applied
~~~~~~~~~~~~~~~~~~~~
>> ---
/p>¶
<p>removed line</p>¶
<p>e
~~~~~~~~~~~~~~~~~~~~
>> +++
/p>¶
<p>e
_____________________________________ <<
