<html>
<head>
</head>
<body style="font-family: 'Lucida Console', Courier, monospace;">

<!-- START OF DIFFS -->
<span>
start&para;<br />
</span>
<ins style="background:#e6ffe6;">
new line&para;<br />
</ins>
<span>
line with some 
</span>
<ins style="background:#e6ffe6;">
modified 
</ins>
<span>
content&para;<br />
unchanged content&para;<br />
</span>
<del style="background:#ffe6e6;">
removed line&para;<br />
</del>
<span>
end
</span>
<!-- END OF DIFFS -->

</body>
</html>