<!-- START OF DIFF STYLE -->
<style type="text/css">
.diffContainer {
	font-family: 'Lucida Console', Courier, monospace;
}
.diffInsert {
	background:#e6ffe6;
}

.diffDelete {
	background:#ffe6e6;
}
</style>
<!-- END OF DIFF STYLE -->
<!-- START OF PATCH STYLE -->
<style type="text/css">
.patchNote {
	font-family: 'Lucida Console', Courier, monospace;
	font-weight: bold;
	padding: 10px 0;
}

.patchContainer {
	font-family: 'Lucida Console', Courier, monospace;
	border: 1px solid black;
	margin-bottom: 5px;
	padding: 5px;
}

.patchTitle {
	padding: 5px 0;
}

.patchDiffs {
	border-top: 1px solid black; 
	padding: 5px 0;
}
</style>
<!-- END OF PATCH STYLE -->
<!-- START OF PATCHES -->

<div class="patchNote">NOTE: Patches coordinates are reliant on a previous patch being applied</div>
<div class="patchContainer">
<div class="patchTitle">
<div>Patch number: 1</div>
<div>Delete character coordinates: 1,14</div>
<div>Insert character coordinates: 1,23</div>
</div>
<div class="patchDiffs">
<!-- START OF DIFFS -->
<div class="diffContainer">
<span class="diffUnchanged">
start&#182;<br />
</span>
<ins class="diffInsert">
new line&#182;<br />
</ins>
<span class="diffUnchanged">
line wit
</span>
</div>
<!-- END OF DIFFS -->
</div>
</div>
<div class="patchContainer">
<div class="patchTitle">
<div>Patch number: 2</div>
<div>Delete character coordinates: 23,16</div>
<div>Insert character coordinates: 23,25</div>
</div>
<div class="patchDiffs">
<!-- START OF DIFFS -->
<div class="diffContainer">
<span class="diffUnchanged">
th some 
</span>
<ins class="diffInsert">
modified 
</ins>
<span class="diffUnchanged">
content&#182;<br />
</span>
</div>
<!-- END OF DIFFS -->
</div>
</div>
<div class="patchContainer">
<div class="patchTitle">
<div>Patch number: 3</div>
<div>Delete character coordinates: 62,20</div>
<div>Insert character coordinates: 62,7</div>
</div>
<div class="patchDiffs">
<!-- START OF DIFFS -->
<div class="diffContainer">
<span class="diffUnchanged">
ent&#182;<br />
</span>
<del class="diffDelete">
removed line&#182;<br />
</del>
<span class="diffUnchanged">
end
</span>
</div>
<!-- END OF DIFFS -->
</div>
</div>
<!-- END OF PATCHES -->