
>> _____________________________________
Patch number: 1
Delete character coordinates: 1,14
Insert character coordinates: 1,23
~~~~~~~~~~~~~~~~~~~~
>> ---
start¶
line·wit
~~~~~~~~~~~~~~~~~~~~
>> +++
start¶
new·line¶
line·wit
_____________________________________ <<

>> _____________________________________
Patch number: 2
Delete character coordinates: 23,16
Insert character coordinates: 23,25
NOTE: Patch coordinates are based on patch 1 being applied
~~~~~~~~~~~~~~~~~~~~
>> ---
th·some·content¶

~~~~~~~~~~~~~~~~~~~~
>> +++
th·some·modified·content¶

_____________________________________ <<

>> _____________________________________
Patch number: 3
Delete character coordinates: 67,16
Insert character coordinates: 67,37
NOTE: Patch coordinates are based on patch 2 being applied
~~~~~~~~~~~~~~~~~~~~
>> ---
·content¶
unchang
~~~~~~~~~~~~~~~~~~~~
>> +++
·content»that·has·a·tab·added¶
unchang
_____________________________________ <<

>> _____________________________________
Patch number: 4
Delete character coordinates: 111,20
Insert character coordinates: 111,7
NOTE: Patch coordinates are based on patch 3 being applied
~~~~~~~~~~~~~~~~~~~~
>> ---
ent¶
removed·line¶
end
~~~~~~~~~~~~~~~~~~~~
>> +++
ent¶
end
_____________________________________ <<
