<!-- START OF DIFF STYLE -->
<style type="text/css">
.diffContainer {
	font-family: 'Courier New', Courier, monospace;
}

.diffInsert {
	background:#e6ffe6;
}

.diffDelete {
	background:#ffe6e6;
}
</style>
<!-- END OF DIFF STYLE -->
<!-- START OF DIFFS -->
<div class="diffContainer">
<span class="diffUnchanged">&lt;p&gt;start&lt;/p&gt;&#182;<br /></span><ins class="diffInsert">&lt;p&gt;new&#183;line&lt;/p&gt;&#182;<br /></ins><span class="diffUnchanged">&lt;p&gt;line&#183;with&#183;some&#183;</span><ins class="diffInsert">modified&#183;</ins><span class="diffUnchanged">content&lt;/p&gt;&#182;<br />
&lt;p&gt;line&#183;with&#183;some&#183;more&#183;content</span><ins class="diffInsert">&#187;that&#183;has&#183;a&#183;tab&#183;added</ins><span class="diffUnchanged">&lt;/p&gt;&#182;<br />
&lt;p&gt;line&#183;with&#183;some&#183;</span><del class="diffDelete">&#187;</del><span class="diffUnchanged">whitespace</span><del class="diffDelete">&#187;</del><span class="diffUnchanged">&#183;content&lt;/p&gt;&#182;<br />
&lt;p&gt;unchanged&#183;content&lt;/p&gt;&#182;<br /></span><del class="diffDelete">&lt;p&gt;removed&#183;line&lt;/p&gt;&#182;<br /></del><span class="diffUnchanged">&lt;p&gt;end&lt;/p&gt;</span>
</div>
<!-- END OF DIFFS -->