<!-- START OF DIFF STYLE -->
<style type="text/css">
.diffContainer {
	font-family: 'Courier New', Courier, monospace;
}

.diffInsert {
	background:#e6ffe6;
}

.diffDelete {
	background:#ffe6e6;
}
</style>
<!-- END OF DIFF STYLE -->
<!-- START OF PATCH STYLE -->
<style type="text/css">
.patchContainer {
	font-family: 'Courier New', Courier, monospace;
	border: 1px solid black;
	margin-bottom: 5px;
	padding: 5px;
}

.patchNote {
	font-weight: bold;
}

.patchTitle {
	padding: 5px 0;
}

.patchDiffs {
	border-top: 1px solid black; 
	padding: 5px 0;
}
</style>
<!-- END OF PATCH STYLE -->
<!-- START OF PATCHES -->
<div class="patchContainer">
<div class="patchTitle">
<div>Patch number: 1</div>
<div>Delete character coordinates: 2,24</div>
<div>Insert character coordinates: 2,40</div>
</div>
<div class="patchDiffs">
<!-- START OF DIFFS -->
<div class="diffContainer">
<span class="diffUnchanged">p&gt;start&lt;/p&gt;&#182;<br /></span><ins class="diffInsert">&lt;p&gt;new&#183;line&lt;/p&gt;&#182;<br /></ins><span class="diffUnchanged">&lt;p&gt;line&#183;with</span>
</div>
<!-- END OF DIFFS -->
</div>
</div>
<div class="patchContainer">
<div class="patchTitle">
<div>Patch number: 2</div>
<div>Delete character coordinates: 40,16</div>
<div>Insert character coordinates: 40,25</div>
<div class="patchNote">NOTE: Patch coordinates are based on patch 1 being applied</div>
</div>
<div class="patchDiffs">
<!-- START OF DIFFS -->
<div class="diffContainer">
<span class="diffUnchanged">th&#183;some&#183;</span><ins class="diffInsert">modified&#183;</ins><span class="diffUnchanged">content&lt;</span>
</div>
<!-- END OF DIFFS -->
</div>
</div>
<div class="patchContainer">
<div class="patchTitle">
<div>Patch number: 3</div>
<div>Delete character coordinates: 83,32</div>
<div>Insert character coordinates: 83,53</div>
<div class="patchNote">NOTE: Patch coordinates are based on patch 2 being applied</div>
</div>
<div class="patchDiffs">
<!-- START OF DIFFS -->
<div class="diffContainer">
<span class="diffUnchanged">ome&#183;more&#183;content</span><ins class="diffInsert">&#187;that&#183;has&#183;a&#183;tab&#183;added</ins><span class="diffUnchanged">&lt;/p&gt;&#182;<br />
&lt;p&gt;line&#183;wit</span>
</div>
<!-- END OF DIFFS -->
</div>
</div>
<div class="patchContainer">
<div class="patchTitle">
<div>Patch number: 4</div>
<div>Delete character coordinates: 135,17</div>
<div>Insert character coordinates: 135,16</div>
<div class="patchNote">NOTE: Patch coordinates are based on patch 3 being applied</div>
<div class="patchNote">NOTE: Patch contains whitespace only differences</div>
</div>
<div class="patchDiffs">
<!-- START OF DIFFS -->
<div class="diffContainer">
<span class="diffUnchanged">th&#183;some&#183;</span><del class="diffDelete">&#187;</del><span class="diffUnchanged">whitespa</span>
</div>
<!-- END OF DIFFS -->
</div>
</div>
<div class="patchContainer">
<div class="patchTitle">
<div>Patch number: 5</div>
<div>Delete character coordinates: 145,17</div>
<div>Insert character coordinates: 145,16</div>
<div class="patchNote">NOTE: Patch coordinates are based on patch 4 being applied</div>
<div class="patchNote">NOTE: Patch contains whitespace only differences</div>
</div>
<div class="patchDiffs">
<!-- START OF DIFFS -->
<div class="diffContainer">
<span class="diffUnchanged">itespace</span><del class="diffDelete">&#187;</del><span class="diffUnchanged">&#183;content</span>
</div>
<!-- END OF DIFFS -->
</div>
</div>
<div class="patchContainer">
<div class="patchTitle">
<div>Patch number: 6</div>
<div>Delete character coordinates: 187,28</div>
<div>Insert character coordinates: 187,8</div>
<div class="patchNote">NOTE: Patch coordinates are based on patch 5 being applied</div>
</div>
<div class="patchDiffs">
<!-- START OF DIFFS -->
<div class="diffContainer">
<span class="diffUnchanged">/p&gt;&#182;<br /></span><del class="diffDelete">&lt;p&gt;removed&#183;line&lt;/p&gt;&#182;<br /></del><span class="diffUnchanged">&lt;p&gt;e</span>
</div>
<!-- END OF DIFFS -->
</div>
</div>
<!-- END OF PATCHES -->