Diff(Equal,"<p>start</p>¶")
Diff(Insert,"<p>new·line</p>¶")
Diff(Equal,"<p>line·with·some·")
Diff(Insert,"modified·")
Diff(Equal,"content</p>¶<p>line·with·some·more·content")
Diff(Insert,"»that·has·a·tab·added")
Diff(Equal,"</p>¶<p>unchanged·content</p>¶")
Diff(Delete,"<p>removed·line</p>¶")
Diff(Equal,"<p>end</p>")
