<!-- START OF DIFF STYLE -->
<style type="text/css">
.diffContainer {
	font-family: 'Courier New', Courier, monospace;
}
.diffInsert {
	background:#e6ffe6;
}

.diffDelete {
	background:#ffe6e6;
}
</style>
<!-- END OF DIFF STYLE -->
<!-- START OF DIFFS -->
<div class="diffContainer">
<span class="diffUnchanged">
start&#182;<br />
</span>
<ins class="diffInsert">
new line&#182;<br />
</ins>
<span class="diffUnchanged">
line with some 
</span>
<ins class="diffInsert">
modified 
</ins>
<span class="diffUnchanged">
content&#182;<br />
unchanged content&#182;<br />
</span>
<del class="diffDelete">
removed line&#182;<br />
</del>
<span class="diffUnchanged">
end
</span>
</div>
<!-- END OF DIFFS -->