<html>
<head>
<!-- START OF DIFF STYLE -->
<style type="text/css">
.diffContainer {
	font-family: 'Lucida Console', Courier, monospace;
}
.diffInsert {
	background:#e6ffe6;
}

.diffDelete {
	background:#ffe6e6;
}
</style>
<!-- END OF DIFF STYLE -->
<!-- START OF PATCH STYLE -->
<style type="text/css">
.patchNote {
	font-family: 'Lucida Console', Courier, monospace;
	font-weight: bold;
	padding: 10px 0;
}

.patchContainer {
	font-family: 'Lucida Console', Courier, monospace;
	border: 1px solid black;
	margin-bottom: 5px;
	padding: 5px;
}

.patchTitle {
	padding: 5px 0;
}

.patchDiffs {
	border-top: 1px solid black; 
	padding: 5px 0;
}
</style>
<!-- END OF PATCH STYLE -->
</head>
<body>

<!-- START OF PATCHES -->

<div class="patchNote">NOTE: Patches coordinates are reliant on a previous patch being applied</div>
<div class="patchContainer">
<div class="patchTitle">
<div>Patch number: 1</div>
<div>Delete character coordinates: 6,16</div>
<div>Insert character coordinates: 6,32</div>
</div>
<div class="patchDiffs">
<!-- START OF DIFFS -->
<div class="diffContainer">
<span class="diffUnchanged">
art&lt;/p&gt;&#182;<br />
</span>
<ins class="diffInsert">
&lt;p&gt;new line&lt;/p&gt;&#182;<br />
</ins>
<span class="diffUnchanged">
&lt;p&gt;line 
</span>
</div>
<!-- END OF DIFFS -->
</div>
</div>
<div class="patchContainer">
<div class="patchTitle">
<div>Patch number: 2</div>
<div>Delete character coordinates: 40,16</div>
<div>Insert character coordinates: 40,25</div>
</div>
<div class="patchDiffs">
<!-- START OF DIFFS -->
<div class="diffContainer">
<span class="diffUnchanged">
th some 
</span>
<ins class="diffInsert">
modified 
</ins>
<span class="diffUnchanged">
content&lt;
</span>
</div>
<!-- END OF DIFFS -->
</div>
</div>
<div class="patchContainer">
<div class="patchTitle">
<div>Patch number: 3</div>
<div>Delete character coordinates: 90,28</div>
<div>Insert character coordinates: 90,8</div>
</div>
<div class="patchDiffs">
<!-- START OF DIFFS -->
<div class="diffContainer">
<span class="diffUnchanged">
/p&gt;&#182;<br />
</span>
<del class="diffDelete">
&lt;p&gt;removed line&lt;/p&gt;&#182;<br />
</del>
<span class="diffUnchanged">
&lt;p&gt;e
</span>
</div>
<!-- END OF DIFFS -->
</div>
</div>
<!-- END OF PATCHES -->

</body>
</html>