<html>
<head>
<!-- START OF DIFF STYLE -->
<style type="text/css">
.diffContainer {
	font-family: 'Courier New', Courier, monospace;
}
.diffInsert {
	background:#e6ffe6;
}

.diffDelete {
	background:#ffe6e6;
}
</style>
<!-- END OF DIFF STYLE -->
</head>
<body>

<!-- START OF DIFFS -->
<div class="diffContainer">
<span class="diffUnchanged">
&lt;p&gt;start&lt;/p&gt;&#182;<br />
</span>
<ins class="diffInsert">
&lt;p&gt;new line&lt;/p&gt;&#182;<br />
</ins>
<span class="diffUnchanged">
&lt;p&gt;line with some 
</span>
<ins class="diffInsert">
modified 
</ins>
<span class="diffUnchanged">
content&lt;/p&gt;&#182;<br />
&lt;p&gt;unchanged content&lt;/p&gt;&#182;<br />
</span>
<del class="diffDelete">
&lt;p&gt;removed line&lt;/p&gt;&#182;<br />
</del>
<span class="diffUnchanged">
&lt;p&gt;end&lt;/p&gt;
</span>
</div>
<!-- END OF DIFFS -->

</body>
</html>