<!-- START OF DIFF STYLE -->
<style type="text/css">
.diffContainer {
	font-family: 'Courier New', Courier, monospace;
}
.diffInsert {
	background:#e6ffe6;
}

.diffDelete {
	background:#ffe6e6;
}
</style>
<!-- END OF DIFF STYLE -->
<!-- START OF DIFFS -->
<div class="diffContainer">
<span class="diffUnchanged">start&#182;<br /></span><ins class="diffInsert">new&#183;line&#182;<br /></ins><span class="diffUnchanged">line&#183;with&#183;some&#183;</span><ins class="diffInsert">modified&#183;</ins><span class="diffUnchanged">content&#182;<br />
line&#183;with&#183;some&#183;more&#183;content</span><ins class="diffInsert">&#187;that&#183;has&#183;a&#183;tab&#183;added</ins><span class="diffUnchanged">&#182;<br />
unchanged&#183;content&#182;<br /></span><del class="diffDelete">removed&#183;line&#182;<br /></del><span class="diffUnchanged">end</span>
</div>
<!-- END OF DIFFS -->