
>> _____________________________________
Patch number: 1
Delete character coordinates: 6,16
Insert character coordinates: 6,32
~~~~~~~~~~~~~~~~~~~~
>> ---
art&lt;/p&gt;&#182;
&lt;p&gt;line 
~~~~~~~~~~~~~~~~~~~~
>> +++
art&lt;/p&gt;&#182;
&lt;p&gt;new line&lt;/p&gt;&#182;
&lt;p&gt;line 
_____________________________________ <<

>> _____________________________________
Patch number: 2
Delete character coordinates: 40,16
Insert character coordinates: 40,25
NOTE: Patch coordinates are based on patch 1 being applied
~~~~~~~~~~~~~~~~~~~~
>> ---
th some content&lt;
~~~~~~~~~~~~~~~~~~~~
>> +++
th some modified content&lt;
_____________________________________ <<

>> _____________________________________
Patch number: 3
Delete character coordinates: 90,28
Insert character coordinates: 90,8
NOTE: Patch coordinates are based on patch 2 being applied
~~~~~~~~~~~~~~~~~~~~
>> ---
/p&gt;&#182;
&lt;p&gt;removed line&lt;/p&gt;&#182;
&lt;p&gt;e
~~~~~~~~~~~~~~~~~~~~
>> +++
/p&gt;&#182;
&lt;p&gt;e
_____________________________________ <<
