<!-- START OF DIFF STYLE -->
<style type="text/css">
.diffContainer {
	font-family: 'Courier New', Courier, monospace;
}
.diffInsert {
	background:#e6ffe6;
}

.diffDelete {
	background:#ffe6e6;
}
</style>
<!-- END OF DIFF STYLE -->
<!-- START OF PATCH STYLE -->
<style type="text/css">
.patchContainer {
	font-family: 'Courier New', Courier, monospace;
	border: 1px solid black;
	margin-bottom: 5px;
	padding: 5px;
}

.patchNote {
	font-weight: bold;
}

.patchTitle {
	padding: 5px 0;
}

.patchDiffs {
	border-top: 1px solid black; 
	padding: 5px 0;
}
</style>
<!-- END OF PATCH STYLE -->
<!-- START OF PATCHES -->
<div class="patchContainer">
<div class="patchTitle">
<div>Patch number: 1</div>
<div>Delete character coordinates: 1,14</div>
<div>Insert character coordinates: 1,23</div>
</div>
<div class="patchDiffs">
<!-- START OF DIFFS -->
<div class="diffContainer">
<span class="diffUnchanged">start&#182;<br /></span><ins class="diffInsert">new&#183;line&#182;<br /></ins><span class="diffUnchanged">line&#183;wit</span>
</div>
<!-- END OF DIFFS -->
</div>
</div>
<div class="patchContainer">
<div class="patchTitle">
<div>Patch number: 2</div>
<div>Delete character coordinates: 23,16</div>
<div>Insert character coordinates: 23,25</div>
<div class="patchNote">NOTE: Patch coordinates are based on patch 1 being applied</div>
</div>
<div class="patchDiffs">
<!-- START OF DIFFS -->
<div class="diffContainer">
<span class="diffUnchanged">th&#183;some&#183;</span><ins class="diffInsert">modified&#183;</ins><span class="diffUnchanged">content&#182;<br /></span>
</div>
<!-- END OF DIFFS -->
</div>
</div>
<div class="patchContainer">
<div class="patchTitle">
<div>Patch number: 3</div>
<div>Delete character coordinates: 67,16</div>
<div>Insert character coordinates: 67,37</div>
<div class="patchNote">NOTE: Patch coordinates are based on patch 2 being applied</div>
</div>
<div class="patchDiffs">
<!-- START OF DIFFS -->
<div class="diffContainer">
<span class="diffUnchanged">&#183;content</span><ins class="diffInsert">&#187;that&#183;has&#183;a&#183;tab&#183;added</ins><span class="diffUnchanged">&#182;<br />
unchang</span>
</div>
<!-- END OF DIFFS -->
</div>
</div>
<div class="patchContainer">
<div class="patchTitle">
<div>Patch number: 4</div>
<div>Delete character coordinates: 111,20</div>
<div>Insert character coordinates: 111,7</div>
<div class="patchNote">NOTE: Patch coordinates are based on patch 3 being applied</div>
</div>
<div class="patchDiffs">
<!-- START OF DIFFS -->
<div class="diffContainer">
<span class="diffUnchanged">ent&#182;<br /></span><del class="diffDelete">removed&#183;line&#182;<br /></del><span class="diffUnchanged">end</span>
</div>
<!-- END OF DIFFS -->
</div>
</div>
<!-- END OF PATCHES -->