@@ -1,14 +1,23 @@
 start%0a
+new line%0a
 line wit
@@ -23,16 +23,25 @@
 th some 
+modified 
 content%0a
@@ -59,32 +59,53 @@
 ome more content
+%09that has a tab added
 %0aline with some 
@@ -104,17 +104,16 @@
 th some 
-%09
 whitespa
@@ -114,17 +114,16 @@
 itespace
-%09
  content
@@ -145,20 +145,7 @@
 ent%0a
-removed line%0a
 end
