
>> 1 ___________________________________
@@ -6,16 +6,32 @@
>> ---
art</p>
<p>line 
~~~~~~~~~~~~~~~~~~~~
>> +++
art</p>
<p>new line</p>
<p>line 
___________________________________ 1 <<

>> 2 ___________________________________
@@ -40,16 +40,25 @@
>> ---
th some content<
~~~~~~~~~~~~~~~~~~~~
>> +++
th some modified content<
___________________________________ 2 <<

>> 3 ___________________________________
@@ -90,28 +90,8 @@
>> ---
/p>
<p>removed line</p>
<p>e
~~~~~~~~~~~~~~~~~~~~
>> +++
/p>
<p>e
___________________________________ 3 <<
