
>> 1 ___________________________________
@@ -1,14 +1,23 @@
>> ---
start
line wit
~~~~~~~~~~~~~~~~~~~~
>> +++
start
new line
line wit
___________________________________ 1 <<

>> 2 ___________________________________
@@ -23,16 +23,25 @@
>> ---
th some content

~~~~~~~~~~~~~~~~~~~~
>> +++
th some modified content

___________________________________ 2 <<

>> 3 ___________________________________
@@ -62,20 +62,7 @@
>> ---
ent
removed line
end
~~~~~~~~~~~~~~~~~~~~
>> +++
ent
end
___________________________________ 3 <<
