
<div style="border: 1px solid black; margin-bottom: 5px; padding: 5px;">
<div style="padding: 5px 0;">
<div>Patch Number: 1</div>
<div>Delete Character Position: 1,14</div>
<div>Insert Character Position: 1,23</div>
</div>
<div style="border-top: 1px solid black; padding: 5px 0;">
<span>
start<br />

</span>
<ins style="background:#e6ffe6;">
new line<br />

</ins>
<span>
line wit
</span>
</div>
</div>
<div style="border: 1px solid black; margin-bottom: 5px; padding: 5px;">
<div style="padding: 5px 0;">
<div>Patch Number: 2</div>
<div>Delete Character Position: 23,16</div>
<div>Insert Character Position: 23,25</div>
</div>
<div style="border-top: 1px solid black; padding: 5px 0;">
<span>
th some 
</span>
<ins style="background:#e6ffe6;">
modified 
</ins>
<span>
content<br />

</span>
</div>
</div>
<div style="border: 1px solid black; margin-bottom: 5px; padding: 5px;">
<div style="padding: 5px 0;">
<div>Patch Number: 3</div>
<div>Delete Character Position: 62,20</div>
<div>Insert Character Position: 62,7</div>
</div>
<div style="border-top: 1px solid black; padding: 5px 0;">
<span>
ent<br />

</span>
<del style="background:#ffe6e6;">
removed line<br />

</del>
<span>
end
</span>
</div>
</div>