
NOTE: Patches coordinates are reliant on a previous patch being applied

>> 1 ___________________________________
@@ -6,16 +6,32 @@
>> ---
art&lt;/p&gt;
&lt;p&gt;line 
~~~~~~~~~~~~~~~~~~~~
>> +++
art&lt;/p&gt;
&lt;p&gt;new line&lt;/p&gt;
&lt;p&gt;line 
___________________________________ 1 <<

>> 2 ___________________________________
@@ -40,16 +40,25 @@
>> ---
th some content&lt;
~~~~~~~~~~~~~~~~~~~~
>> +++
th some modified content&lt;
___________________________________ 2 <<

>> 3 ___________________________________
@@ -90,28 +90,8 @@
>> ---
/p&gt;
&lt;p&gt;removed line&lt;/p&gt;
&lt;p&gt;e
~~~~~~~~~~~~~~~~~~~~
>> +++
/p&gt;
&lt;p&gt;e
___________________________________ 3 <<
